Region,# Nodes,All Nodes Freq,Entry Nodes Freq,Exit Nodes Freq,External Entries,
1,9,8732367,970266,970263,9803,
2,7,39060,9767,0,9767,
3,7,252,64,0,64,
0,30317
