Region,# Nodes,All Nodes Freq,Entry Nodes Freq,Exit Nodes Freq,External Entries,
1,22,1743,149,9,14,
0,477
