Region,# Nodes,All Nodes Freq,Entry Nodes Freq,Exit Nodes Freq,External Entries,
1,9,87750,9753,9750,101,
2,8,78000,9753,9750,101,
3,8,78000,9753,9750,101,
4,4,196,51,49,51,
5,4,196,50,49,50,
6,4,196,50,49,50,
7,3,147,50,49,50,
0,2030
