Region,# Nodes,All Nodes Freq,Entry Nodes Freq,Exit Nodes Freq,External Entries,
1,17,833,51,49,2,
2,30,164526,9852,9849,102,
3,6,300,52,50,52,
4,4,200,51,50,51,
0,2383
