Region,# Nodes,All Nodes Freq,Entry Nodes Freq,Exit Nodes Freq,External Entries,
1,9,87750,9750,9750,9753,
2,4,196,49,49,51,
3,3,147,49,49,50,
0,814
