Region,# Nodes,All Nodes Freq,Entry Nodes Freq,Exit Nodes Freq,External Entries,
1,9,87885,9768,9765,101,
2,7,252,64,0,64,
0,770
