Region,# Nodes,All Nodes Freq,Entry Nodes Freq,Exit Nodes Freq,External Entries,
1,9,87327,9703,9703,9706,
2,4,8,2,2,4,
3,3,6,2,2,3,
0,1566
