Region,# Nodes,All Nodes Freq,Entry Nodes Freq,Exit Nodes Freq,External Entries,
1,9,87327,9706,9703,101,
2,8,77624,9706,9703,101,
3,8,77624,9706,9703,101,
4,4,8,4,2,4,
5,4,8,3,2,3,
6,4,8,3,2,3,
7,3,6,3,2,3,
0,3910
