Region,# Nodes,All Nodes Freq,Entry Nodes Freq,Exit Nodes Freq,External Entries,
1,11,1121,152,75,77,
2,8,192,25,24,25,
0,992
