Region,# Nodes,All Nodes Freq,Entry Nodes Freq,Exit Nodes Freq,External Entries,
1,9,87750,9750,9750,9753,
2,8,78000,9750,9750,9753,
3,8,78000,9750,9750,9753,
4,4,196,49,49,51,
5,4,196,49,49,50,
6,4,196,49,49,50,
7,3,147,49,49,50,
0,2030
