Region,# Nodes,All Nodes Freq,Entry Nodes Freq,Exit Nodes Freq,External Entries,
1,9,8731809,970201,970201,970204,
2,4,38816,9704,9704,9707,
3,3,29112,9704,9704,9705,
4,4,8,2,2,4,
5,3,6,2,2,3,
0,2245
