Region,# Nodes,All Nodes Freq,Entry Nodes Freq,Exit Nodes Freq,External Entries,
1,9,361,149,9,152,
2,10,900,90,90,91,
0,959
