Region,# Nodes,All Nodes Freq,Entry Nodes Freq,Exit Nodes Freq,External Entries,
1,9,87885,9768,9765,101,
2,8,78120,9767,9765,100,
3,8,78120,9767,9765,100,
4,15,252,64,0,64,
0,2138
