Region,# Nodes,All Nodes Freq,Entry Nodes Freq,Exit Nodes Freq,External Entries,
1,5,204,102,0,104,
2,10,50,5,5,6,
0,1966
