Region,# Nodes,All Nodes Freq,Entry Nodes Freq,Exit Nodes Freq,External Entries,
1,9,87750,9750,9750,9752,
2,8,78000,9750,9750,9752,
3,8,78000,9750,9750,9752,
0,2765
