Region,# Nodes,All Nodes Freq,Entry Nodes Freq,Exit Nodes Freq,External Entries,
1,9,87750,9753,9750,101,
2,4,196,51,49,51,
3,3,147,50,49,50,
0,814
