Region,# Nodes,All Nodes Freq,Entry Nodes Freq,Exit Nodes Freq,External Entries,
1,9,8732232,970248,970248,970251,
2,4,39004,9751,9751,9754,
3,3,29253,9751,9751,9752,
4,4,196,49,49,51,
5,3,147,49,49,50,
0,1164
