Region,# Nodes,All Nodes Freq,Entry Nodes Freq,Exit Nodes Freq,External Entries,
1,9,8732232,970251,970248,9803,
2,4,39004,9754,9751,9754,
3,3,29253,9752,9751,9752,
4,4,196,51,49,51,
5,3,147,50,49,50,
0,1164
