Region,# Nodes,All Nodes Freq,Entry Nodes Freq,Exit Nodes Freq,External Entries,
1,17,34,2,2,4,
2,30,122196,9802,1618,9806,
3,5,40435,8087,8087,8088,
4,6,18,3,3,4,
5,4,4,1,1,2,
0,5555
