Region,# Nodes,All Nodes Freq,Entry Nodes Freq,Exit Nodes Freq,External Entries,
1,17,833,49,49,51,
2,55,165485,9849,1665,1671,
0,1924
