Region,# Nodes,All Nodes Freq,Entry Nodes Freq,Exit Nodes Freq,External Entries,
1,18,1088,66,64,2,
2,36,164976,9867,9864,102,
3,10,384,65,0,65,
0,1794
